******************************************************************************
                  TI ARM Linker PC v20.2.7                     
******************************************************************************
>> Linked Thu Dec  4 08:26:47 2025

OUTPUT FILE NAME:   <Lab14_EdgeInterrupts.out>
ENTRY POINT SYMBOL: "_c_int00_noargs"  address: 00001831


MEMORY CONFIGURATION

         name            origin    length      used     unused   attr    fill
----------------------  --------  ---------  --------  --------  ----  --------
  MAIN                  00000000   00040000  00001912  0003e6ee  R  X
  INFO                  00200000   00004000  00000000  00004000  R  X
  SRAM_CODE             01000000   00010000  00000239  0000fdc7  RW X
  SRAM_DATA             20000000   00010000  00000239  0000fdc7  RW  


SEGMENT ALLOCATION MAP

run origin  load origin   length   init length attrs members
----------  ----------- ---------- ----------- ----- -------
00000000    00000000    00001918   00001918    r-x
  00000000    00000000    000000e4   000000e4    r-- .intvecs
  000000e4    000000e4    000017f6   000017f6    r-x .text
  000018e0    000018e0    00000038   00000038    r-- .cinit
20000000    20000000    00000039   00000000    rw-
  20000000    20000000    0000002c   00000000    rw- .data
  2000002c    2000002c    0000000d   00000000    rw- .bss
2000fe00    2000fe00    00000200   00000000    rw-
  2000fe00    2000fe00    00000200   00000000    rw- .stack


SECTION ALLOCATION MAP

 output                                  attributes/
section   page    origin      length       input sections
--------  ----  ----------  ----------   ----------------
.intvecs   0    00000000    000000e4     
                  00000000    000000e4     startup_msp432p401r_ccs.obj (.intvecs:retain)

.text      0    000000e4    000017f6     
                  000000e4    000006c8     TExaS.obj (.text)
                  000007ac    00000420     PWM.obj (.text)
                  00000bcc    0000032c     system_msp432p401r.obj (.text)
                  00000ef8    0000020c     BumpInt.obj (.text)
                  00001104    000001e0     Clock.obj (.text)
                  000012e4    00000198     Motor.obj (.text)
                  0000147c    00000174     Lab14_EdgeInterruptsmain.obj (.text)
                  000015f0    000000f8     LaunchPad.obj (.text)
                  000016e8    0000009c     rtsv7M4_T_le_v4SPD16_eabi.lib : memcpy_t2.asm.obj (.text)
                  00001784    00000068                                   : copy_decompress_lzss.c.obj (.text:decompress:lzss:__TI_decompress_lzss)
                  000017ec    00000044                                   : autoinit.c.obj (.text:__TI_auto_init_nobinit_nopinit:__TI_auto_init_nobinit_nopinit)
                  00001830    00000034                                   : boot_cortex_m.c.obj (.text:_c_int00_noargs:_c_int00_noargs)
                  00001864    00000024     CortexM.obj (.text)
                  00001888    0000001c     rtsv7M4_T_le_v4SPD16_eabi.lib : copy_zero_init.c.obj (.text:decompress:ZI:__TI_zero_init_nomemset:__TI_zero_init_nomemset)
                  000018a4    00000012     TimerA1.obj (.text)
                  000018b6    0000000e     rtsv7M4_T_le_v4SPD16_eabi.lib : copy_decompress_none.c.obj (.text:decompress:none:__TI_decompress_none)
                  000018c4    0000000e     startup_msp432p401r_ccs.obj (.text)
                  000018d2    00000004     rtsv7M4_T_le_v4SPD16_eabi.lib : pre_init.c.obj (.text:_system_pre_init)
                  000018d6    00000004                                   : exit.c.obj (.text:abort:abort)

.cinit     0    000018e0    00000038     
                  000018e0    0000000d     (.cinit..data.load) [load image, compression = lzss]
                  000018ed    00000003     --HOLE-- [fill = 0]
                  000018f0    0000000c     (__TI_handler_table)
                  000018fc    00000004     --HOLE-- [fill = 0]
                  00001900    00000008     (.cinit..bss.load) [load image, compression = zero_init]
                  00001908    00000010     (__TI_cinit_table)

.init_array 
*          0    00000000    00000000     UNINITIALIZED

.binit     0    00000000    00000000     

.data      0    20000000    0000002c     UNINITIALIZED
                  20000000    00000018     Clock.obj (.data)
                  20000018    0000000c     TExaS.obj (.data)
                  20000024    00000004     BumpInt.obj (.data)
                  20000028    00000004     system_msp432p401r.obj (.data)

.bss       0    2000002c    0000000d     UNINITIALIZED
                  2000002c    00000004     (.common:PeriodicTask2)
                  20000030    00000001     (.common:BMP0)
                  20000031    00000001     (.common:BMP1)
                  20000032    00000001     (.common:BMP2)
                  20000033    00000001     (.common:BMP3)
                  20000034    00000001     (.common:BMP4)
                  20000035    00000001     (.common:BMP5)
                  20000036    00000001     (.common:CollisionData)
                  20000037    00000001     (.common:CollisionFlag)
                  20000038    00000001     (.common:LogicData)

.stack     0    2000fe00    00000200     UNINITIALIZED
                  2000fe00    00000004     rtsv7M4_T_le_v4SPD16_eabi.lib : boot_cortex_m.c.obj (.stack)
                  2000fe04    000001fc     --HOLE--

__llvm_prf_cnts 
*          0    20000000    00000000     UNINITIALIZED

MODULE SUMMARY

       Module                         code   ro data   rw data
       ------                         ----   -------   -------
    .\
       TExaS.obj                      1736   0         34     
       PWM.obj                        1056   0         0      
       system_msp432p401r.obj         812    0         8      
       BumpInt.obj                    524    0         20     
       Clock.obj                      480    0         48     
       Motor.obj                      408    0         0      
       Lab14_EdgeInterruptsmain.obj   372    0         4      
       LaunchPad.obj                  248    0         0      
       startup_msp432p401r_ccs.obj    14     228       0      
       CortexM.obj                    36     0         0      
       TimerA1.obj                    18     0         0      
    +--+------------------------------+------+---------+---------+
       Total:                         5704   228       114    
                                                              
    C:\ti\ccs1240\ccs\tools\compiler\ti-cgt-arm_20.2.7.LTS\lib\rtsv7M4_T_le_v4SPD16_eabi.lib
       memcpy_t2.asm.obj              156    0         0      
       copy_decompress_lzss.c.obj     104    0         0      
       autoinit.c.obj                 68     0         0      
       boot_cortex_m.c.obj            52     0         0      
       copy_zero_init.c.obj           28     0         0      
       copy_decompress_none.c.obj     14     0         0      
       exit.c.obj                     4      0         0      
       pre_init.c.obj                 4      0         0      
    +--+------------------------------+------+---------+---------+
       Total:                         430    0         0      
                                                              
       Stack:                         0      0         1024   
       Linker Generated:              0      49        0      
    +--+------------------------------+------+---------+---------+
       Grand Total:                   6134   277       1138   


LINKER GENERATED COPY TABLES

__TI_cinit_table @ 00001908 records: 2, size/record: 8, table size: 16
	.data: load addr=000018e0, load size=0000000d bytes, run addr=20000000, run size=0000002c bytes, compression=lzss
	.bss: load addr=00001900, load size=00000008 bytes, run addr=2000002c, run size=0000000d bytes, compression=zero_init


LINKER GENERATED HANDLER TABLE

__TI_handler_table @ 000018f0 records: 3, size/record: 4, table size: 12
	index: 0, handler: __TI_decompress_lzss
	index: 1, handler: __TI_decompress_none
	index: 2, handler: __TI_zero_init


GLOBAL SYMBOLS: SORTED ALPHABETICALLY BY Name 

address   name                                   
-------   ----                                   
000018d1  ADC14_IRQHandler                       
000004f1  ADC_Init                               
000018d1  AES256_IRQHandler                      
20000030  BMP0                                   
20000031  BMP1                                   
20000032  BMP2                                   
20000033  BMP3                                   
20000034  BMP4                                   
20000035  BMP5                                   
00000ef9  BumpInt_Init                           
00000f65  Bump_Read                              
000018d1  BusFault_Handler                       
000018d7  C$$EXIT                                
000018d1  COMP_E0_IRQHandler                     
000018d1  COMP_E1_IRQHandler                     
20000008  CPMwait                                
000018d1  CS_IRQHandler                          
20000000  ClockFrequency                         
00001259  Clock_Delay1ms                         
0000122f  Clock_Delay1us                         
0000121b  Clock_GetFreq                          
00001105  Clock_Init48MHz                        
20000036  CollisionData                          
20000037  CollisionFlag                          
20000014  Crystalstable                          
000018d1  DMA_ERR_IRQHandler                     
000018d1  DMA_INT0_IRQHandler                    
000018d1  DMA_INT1_IRQHandler                    
000018d1  DMA_INT2_IRQHandler                    
000018d1  DMA_INT3_IRQHandler                    
000018d1  DebugMon_Handler                       
000018d1  Default_Handler                        
00001865  DisableInterrupts                      
000018d1  EUSCIA0_IRQHandler                     
000018d1  EUSCIA1_IRQHandler                     
000018d1  EUSCIA2_IRQHandler                     
000018d1  EUSCIA3_IRQHandler                     
000018d1  EUSCIB0_IRQHandler                     
000018d1  EUSCIB1_IRQHandler                     
000018d1  EUSCIB2_IRQHandler                     
000018d1  EUSCIB3_IRQHandler                     
0000186b  EnableInterrupts                       
0000187b  EndCritical                            
000018d1  FLCTL_IRQHandler                       
000018d1  FPU_IRQHandler                         
0000147d  HandleCollision                        
000018d1  HardFault_Handler                      
20000010  IFlags                                 
000015f1  LaunchPad_Init                         
00001661  LaunchPad_Input                        
0000167f  LaunchPad_LED                          
0000169d  LaunchPad_Output                       
000000e5  LogicAnalyzer                          
000000ef  LogicAnalyzer_P1                       
000001c5  LogicAnalyzer_P10                      
000000fd  LogicAnalyzer_P2                       
000001d3  LogicAnalyzer_P27_P26_P82_P92_P104_P105
0000010b  LogicAnalyzer_P2_7654                  
0000011b  LogicAnalyzer_P3                       
00000129  LogicAnalyzer_P4                       
00000147  LogicAnalyzer_P4_765320                
00000137  LogicAnalyzer_P4_765432                
0000017f  LogicAnalyzer_P5                       
0000020b  LogicAnalyzer_P55_P54_P27_P26_P37_P36  
0000018d  LogicAnalyzer_P6                       
0000019b  LogicAnalyzer_P7                       
000001a9  LogicAnalyzer_P8                       
000001b7  LogicAnalyzer_P9                       
20000038  LogicData                              
000018d1  MemManage_Handler                      
0000141b  Motor_Backward                         
00001347  Motor_Forward                          
000012e5  Motor_Init                             
000013d1  Motor_Left                             
00001387  Motor_Right                            
00001331  Motor_Stop                             
000018d1  NMI_Handler                            
000018d1  PCM_IRQHandler                         
000018d1  PORT1_IRQHandler                       
000018d1  PORT2_IRQHandler                       
000018d1  PORT3_IRQHandler                       
00001007  PORT4_IRQHandler                       
00001007  PORT4_IRQHandler                       
000018d1  PORT5_IRQHandler                       
000018d1  PORT6_IRQHandler                       
000018d1  PSS_IRQHandler                         
00000897  PWM_Duty1                              
000008b7  PWM_Duty2                              
0000095b  PWM_Duty3                              
0000097b  PWM_Duty4                              
000007ad  PWM_Init1                              
00000813  PWM_Init12                             
000008d7  PWM_Init34                             
00000ac3  PWM_RobotArmDuty0                      
00000ae9  PWM_RobotArmDuty1                      
00000b0f  PWM_RobotArmDuty2                      
00000ae3  PWM_RobotArmGetDuty0                   
00000b09  PWM_RobotArmGetDuty1                   
00000b2f  PWM_RobotArmGetDuty2                   
0000099b  PWM_RobotArmInit                       
000018d1  PendSV_Handler                         
2000002c  PeriodicTask2                          
000002b9  PeriodicTask2_Init                     
00000333  PeriodicTask2_Stop                     
2000000c  Postwait                               
20000004  Prewait                                
000018d1  RTC_C_IRQHandler                       
000018c5  Reset_Handler                          
000018d1  SVC_Handler                            
00000235  Scope                                  
00001871  StartCritical                          
000018d1  SysTick_Handler                        
20000028  SystemCoreClock                        
00000bcd  SystemCoreClockUpdate                  
00000e41  SystemInit                             
00000323  T32_INT1_IRQHandler                    
00000323  T32_INT1_IRQHandler                    
000018d1  T32_INT2_IRQHandler                    
000018d1  T32_INTC_IRQHandler                    
000018d1  TA0_0_IRQHandler                       
000018d1  TA0_N_IRQHandler                       
000018b5  TA1_0_IRQHandler                       
000018b5  TA1_0_IRQHandler                       
000018d1  TA1_N_IRQHandler                       
000018d1  TA2_0_IRQHandler                       
000018d1  TA2_N_IRQHandler                       
000018d1  TA3_0_IRQHandler                       
000018d1  TA3_N_IRQHandler                       
00000485  TExaS_Clear0                           
00000491  TExaS_Clear1                           
000004a5  TExaS_Clear2                           
000004b1  TExaS_Clear3                           
000004bd  TExaS_Clear4                           
000004bf  TExaS_Clear5                           
000004cb  TExaS_Clear6                           
000005b5  TExaS_Init                             
2000001c  TExaS_ScopeErrConflict                 
20000018  TExaS_ScopeErrLostData                 
20000020  TExaS_ScopeWrnReconfig                 
00000413  TExaS_Set                              
0000042b  TExaS_Set0                             
00000437  TExaS_Set1                             
00000443  TExaS_Set2                             
0000044f  TExaS_Set3                             
0000045b  TExaS_Set4                             
0000045d  TExaS_Set5                             
00000475  TExaS_Set6                             
00000741  TExaS_Stop                             
000003c9  TExaS_Task0                            
000003d5  TExaS_Task1                            
000003e1  TExaS_Task2                            
000003ed  TExaS_Task3                            
000003f9  TExaS_Task4                            
000003fb  TExaS_Task5                            
00000407  TExaS_Task6                            
000018a5  TimerA1_Init                           
000018b3  TimerA1_Stop                           
0000039d  UART_InChar                            
00000343  UART_Init                              
000003ad  UART_OutChar                           
000018d1  UsageFault_Handler                     
4000480c  WDTCTL_SYM                             
000018d1  WDT_A_IRQHandler                       
00001883  WaitForInterrupt                       
20010000  __STACK_END                            
00000200  __STACK_SIZE                           
00001908  __TI_CINIT_Base                        
00001918  __TI_CINIT_Limit                       
000018f0  __TI_Handler_Table_Base                
000018fc  __TI_Handler_Table_Limit               
000017ed  __TI_auto_init_nobinit_nopinit         
00001785  __TI_decompress_lzss                   
000018b7  __TI_decompress_none                   
ffffffff  __TI_pprof_out_hndl                    
ffffffff  __TI_prof_data_size                    
ffffffff  __TI_prof_data_start                   
00000000  __TI_static_base__                     
00001889  __TI_zero_init_nomemset                
000016e9  __aeabi_memcpy                         
000016e9  __aeabi_memcpy4                        
000016e9  __aeabi_memcpy8                        
ffffffff  __binit__                              
ffffffff  __c_args__                             
UNDEFED   __mpu_init                             
2000fe00  __stack                                
20000000  __start___llvm_prf_cnts                
20000000  __stop___llvm_prf_cnts                 
00001831  _c_int00_noargs                        
UNDEFED   _system_post_cinit                     
000018d3  _system_pre_init                       
000018d7  abort                                  
ffffffff  binit                                  
00001221  delay                                  
00000000  interruptVectors                       
00001497  main                                   
000016e9  memcpy                                 


GLOBAL SYMBOLS: SORTED BY Symbol Address 

address   name                                   
-------   ----                                   
00000000  __TI_static_base__                     
00000000  interruptVectors                       
000000e5  LogicAnalyzer                          
000000ef  LogicAnalyzer_P1                       
000000fd  LogicAnalyzer_P2                       
0000010b  LogicAnalyzer_P2_7654                  
0000011b  LogicAnalyzer_P3                       
00000129  LogicAnalyzer_P4                       
00000137  LogicAnalyzer_P4_765432                
00000147  LogicAnalyzer_P4_765320                
0000017f  LogicAnalyzer_P5                       
0000018d  LogicAnalyzer_P6                       
0000019b  LogicAnalyzer_P7                       
000001a9  LogicAnalyzer_P8                       
000001b7  LogicAnalyzer_P9                       
000001c5  LogicAnalyzer_P10                      
000001d3  LogicAnalyzer_P27_P26_P82_P92_P104_P105
00000200  __STACK_SIZE                           
0000020b  LogicAnalyzer_P55_P54_P27_P26_P37_P36  
00000235  Scope                                  
000002b9  PeriodicTask2_Init                     
00000323  T32_INT1_IRQHandler                    
00000323  T32_INT1_IRQHandler                    
00000333  PeriodicTask2_Stop                     
00000343  UART_Init                              
0000039d  UART_InChar                            
000003ad  UART_OutChar                           
000003c9  TExaS_Task0                            
000003d5  TExaS_Task1                            
000003e1  TExaS_Task2                            
000003ed  TExaS_Task3                            
000003f9  TExaS_Task4                            
000003fb  TExaS_Task5                            
00000407  TExaS_Task6                            
00000413  TExaS_Set                              
0000042b  TExaS_Set0                             
00000437  TExaS_Set1                             
00000443  TExaS_Set2                             
0000044f  TExaS_Set3                             
0000045b  TExaS_Set4                             
0000045d  TExaS_Set5                             
00000475  TExaS_Set6                             
00000485  TExaS_Clear0                           
00000491  TExaS_Clear1                           
000004a5  TExaS_Clear2                           
000004b1  TExaS_Clear3                           
000004bd  TExaS_Clear4                           
000004bf  TExaS_Clear5                           
000004cb  TExaS_Clear6                           
000004f1  ADC_Init                               
000005b5  TExaS_Init                             
00000741  TExaS_Stop                             
000007ad  PWM_Init1                              
00000813  PWM_Init12                             
00000897  PWM_Duty1                              
000008b7  PWM_Duty2                              
000008d7  PWM_Init34                             
0000095b  PWM_Duty3                              
0000097b  PWM_Duty4                              
0000099b  PWM_RobotArmInit                       
00000ac3  PWM_RobotArmDuty0                      
00000ae3  PWM_RobotArmGetDuty0                   
00000ae9  PWM_RobotArmDuty1                      
00000b09  PWM_RobotArmGetDuty1                   
00000b0f  PWM_RobotArmDuty2                      
00000b2f  PWM_RobotArmGetDuty2                   
00000bcd  SystemCoreClockUpdate                  
00000e41  SystemInit                             
00000ef9  BumpInt_Init                           
00000f65  Bump_Read                              
00001007  PORT4_IRQHandler                       
00001007  PORT4_IRQHandler                       
00001105  Clock_Init48MHz                        
0000121b  Clock_GetFreq                          
00001221  delay                                  
0000122f  Clock_Delay1us                         
00001259  Clock_Delay1ms                         
000012e5  Motor_Init                             
00001331  Motor_Stop                             
00001347  Motor_Forward                          
00001387  Motor_Right                            
000013d1  Motor_Left                             
0000141b  Motor_Backward                         
0000147d  HandleCollision                        
00001497  main                                   
000015f1  LaunchPad_Init                         
00001661  LaunchPad_Input                        
0000167f  LaunchPad_LED                          
0000169d  LaunchPad_Output                       
000016e9  __aeabi_memcpy                         
000016e9  __aeabi_memcpy4                        
000016e9  __aeabi_memcpy8                        
000016e9  memcpy                                 
00001785  __TI_decompress_lzss                   
000017ed  __TI_auto_init_nobinit_nopinit         
00001831  _c_int00_noargs                        
00001865  DisableInterrupts                      
0000186b  EnableInterrupts                       
00001871  StartCritical                          
0000187b  EndCritical                            
00001883  WaitForInterrupt                       
00001889  __TI_zero_init_nomemset                
000018a5  TimerA1_Init                           
000018b3  TimerA1_Stop                           
000018b5  TA1_0_IRQHandler                       
000018b5  TA1_0_IRQHandler                       
000018b7  __TI_decompress_none                   
000018c5  Reset_Handler                          
000018d1  ADC14_IRQHandler                       
000018d1  AES256_IRQHandler                      
000018d1  BusFault_Handler                       
000018d1  COMP_E0_IRQHandler                     
000018d1  COMP_E1_IRQHandler                     
000018d1  CS_IRQHandler                          
000018d1  DMA_ERR_IRQHandler                     
000018d1  DMA_INT0_IRQHandler                    
000018d1  DMA_INT1_IRQHandler                    
000018d1  DMA_INT2_IRQHandler                    
000018d1  DMA_INT3_IRQHandler                    
000018d1  DebugMon_Handler                       
000018d1  Default_Handler                        
000018d1  EUSCIA0_IRQHandler                     
000018d1  EUSCIA1_IRQHandler                     
000018d1  EUSCIA2_IRQHandler                     
000018d1  EUSCIA3_IRQHandler                     
000018d1  EUSCIB0_IRQHandler                     
000018d1  EUSCIB1_IRQHandler                     
000018d1  EUSCIB2_IRQHandler                     
000018d1  EUSCIB3_IRQHandler                     
000018d1  FLCTL_IRQHandler                       
000018d1  FPU_IRQHandler                         
000018d1  HardFault_Handler                      
000018d1  MemManage_Handler                      
000018d1  NMI_Handler                            
000018d1  PCM_IRQHandler                         
000018d1  PORT1_IRQHandler                       
000018d1  PORT2_IRQHandler                       
000018d1  PORT3_IRQHandler                       
000018d1  PORT5_IRQHandler                       
000018d1  PORT6_IRQHandler                       
000018d1  PSS_IRQHandler                         
000018d1  PendSV_Handler                         
000018d1  RTC_C_IRQHandler                       
000018d1  SVC_Handler                            
000018d1  SysTick_Handler                        
000018d1  T32_INT2_IRQHandler                    
000018d1  T32_INTC_IRQHandler                    
000018d1  TA0_0_IRQHandler                       
000018d1  TA0_N_IRQHandler                       
000018d1  TA1_N_IRQHandler                       
000018d1  TA2_0_IRQHandler                       
000018d1  TA2_N_IRQHandler                       
000018d1  TA3_0_IRQHandler                       
000018d1  TA3_N_IRQHandler                       
000018d1  UsageFault_Handler                     
000018d1  WDT_A_IRQHandler                       
000018d3  _system_pre_init                       
000018d7  C$$EXIT                                
000018d7  abort                                  
000018f0  __TI_Handler_Table_Base                
000018fc  __TI_Handler_Table_Limit               
00001908  __TI_CINIT_Base                        
00001918  __TI_CINIT_Limit                       
20000000  ClockFrequency                         
20000000  __start___llvm_prf_cnts                
20000000  __stop___llvm_prf_cnts                 
20000004  Prewait                                
20000008  CPMwait                                
2000000c  Postwait                               
20000010  IFlags                                 
20000014  Crystalstable                          
20000018  TExaS_ScopeErrLostData                 
2000001c  TExaS_ScopeErrConflict                 
20000020  TExaS_ScopeWrnReconfig                 
20000028  SystemCoreClock                        
2000002c  PeriodicTask2                          
20000030  BMP0                                   
20000031  BMP1                                   
20000032  BMP2                                   
20000033  BMP3                                   
20000034  BMP4                                   
20000035  BMP5                                   
20000036  CollisionData                          
20000037  CollisionFlag                          
20000038  LogicData                              
2000fe00  __stack                                
20010000  __STACK_END                            
4000480c  WDTCTL_SYM                             
ffffffff  __TI_pprof_out_hndl                    
ffffffff  __TI_prof_data_size                    
ffffffff  __TI_prof_data_start                   
ffffffff  __binit__                              
ffffffff  __c_args__                             
ffffffff  binit                                  
UNDEFED   __mpu_init                             
UNDEFED   _system_post_cinit                     

[196 symbols]
