******************************************************************************
                  TI ARM Linker PC v20.2.7                     
******************************************************************************
>> Linked Mon Dec 15 09:26:46 2025

OUTPUT FILE NAME:   <Lab8_IRControl.out>
ENTRY POINT SYMBOL: "_c_int00_noargs"  address: 00002565


MEMORY CONFIGURATION

         name            origin    length      used     unused   attr    fill
----------------------  --------  ---------  --------  --------  ----  --------
  MAIN                  00000000   00040000  00002644  0003d9bc  R  X
  INFO                  00200000   00004000  00000000  00004000  R  X
  SRAM_CODE             01000000   00010000  00000277  0000fd89  RW X
  SRAM_DATA             20000000   00010000  00000277  0000fd89  RW  


SEGMENT ALLOCATION MAP

run origin  load origin   length   init length attrs members
----------  ----------- ---------- ----------- ----- -------
00000000    00000000    00002648   00002648    r-x
  00000000    00000000    000000e4   000000e4    r-- .intvecs
  000000e4    000000e4    00002518   00002518    r-x .text
  00002600    00002600    00000048   00000048    r-- .cinit
20000000    20000000    00000077   00000000    rw-
  20000000    20000000    00000054   00000000    rw- .data
  20000054    20000054    00000023   00000000    rw- .bss
2000fe00    2000fe00    00000200   00000000    rw-
  2000fe00    2000fe00    00000200   00000000    rw- .stack


SECTION ALLOCATION MAP

 output                                  attributes/
section   page    origin      length       input sections
--------  ----  ----------  ----------   ----------------
.intvecs   0    00000000    000000e4     
                  00000000    000000e4     startup_msp432p401r_ccs.obj (.intvecs:retain)

.text      0    000000e4    00002518     
                  000000e4    00000a0c     Lab8_IRControlmain.obj (.text)
                  00000af0    000006c8     TExaS.obj (.text)
                  000011b8    00000420     PWM.obj (.text)
                  000015d8    0000032c     system_msp432p401r.obj (.text)
                  00001904    000002ec     ADC14.obj (.text)
                  00001bf0    0000020c     BumpInt.obj (.text)
                  00001dfc    000001e0     Clock.obj (.text)
                  00001fdc    00000198     Motor.obj (.text)
                  00002174    00000160     TimerA1.obj (.text)
                  000022d4    000000f8     LaunchPad.obj (.text)
                  000023cc    0000009c     rtsv7M4_T_le_v4SPD16_eabi.lib : memcpy_t2.asm.obj (.text)
                  00002468    00000068                                   : copy_decompress_lzss.c.obj (.text:decompress:lzss:__TI_decompress_lzss)
                  000024d0    0000004e     IRDistance.obj (.text)
                  0000251e    00000002     --HOLE-- [fill = 0]
                  00002520    00000044     rtsv7M4_T_le_v4SPD16_eabi.lib : autoinit.c.obj (.text:__TI_auto_init_nobinit_nopinit:__TI_auto_init_nobinit_nopinit)
                  00002564    00000034                                   : boot_cortex_m.c.obj (.text:_c_int00_noargs:_c_int00_noargs)
                  00002598    00000024     CortexM.obj (.text)
                  000025bc    0000001c     rtsv7M4_T_le_v4SPD16_eabi.lib : copy_zero_init.c.obj (.text:decompress:ZI:__TI_zero_init_nomemset:__TI_zero_init_nomemset)
                  000025d8    0000000e                                   : copy_decompress_none.c.obj (.text:decompress:none:__TI_decompress_none)
                  000025e6    0000000e     startup_msp432p401r_ccs.obj (.text)
                  000025f4    00000004     rtsv7M4_T_le_v4SPD16_eabi.lib : pre_init.c.obj (.text:_system_pre_init)
                  000025f8    00000004                                   : exit.c.obj (.text:abort:abort)

.cinit     0    00002600    00000048     
                  00002600    0000001e     (.cinit..data.load) [load image, compression = lzss]
                  0000261e    00000002     --HOLE-- [fill = 0]
                  00002620    0000000c     (__TI_handler_table)
                  0000262c    00000004     --HOLE-- [fill = 0]
                  00002630    00000008     (.cinit..bss.load) [load image, compression = zero_init]
                  00002638    00000010     (__TI_cinit_table)

.init_array 
*          0    00000000    00000000     UNINITIALIZED

.binit     0    00000000    00000000     

.data      0    20000000    00000054     UNINITIALIZED
                  20000000    0000001e     Lab8_IRControlmain.obj (.data)
                  2000001e    00000002     --HOLE--
                  20000020    00000018     Clock.obj (.data)
                  20000038    0000000c     TExaS.obj (.data)
                  20000044    00000008     TimerA1.obj (.data)
                  2000004c    00000004     BumpInt.obj (.data)
                  20000050    00000004     system_msp432p401r.obj (.data)

.bss       0    20000054    00000023     UNINITIALIZED
                  20000054    00000004     (.common:PeriodicTask2)
                  20000058    00000004     (.common:distC)
                  2000005c    00000004     (.common:distL)
                  20000060    00000004     (.common:distR)
                  20000064    00000004     (.common:readC)
                  20000068    00000004     (.common:readL)
                  2000006c    00000004     (.common:readR)
                  20000070    00000001     (.common:BMP0)
                  20000071    00000001     (.common:BMP1)
                  20000072    00000001     (.common:BMP2)
                  20000073    00000001     (.common:BMP3)
                  20000074    00000001     (.common:BMP4)
                  20000075    00000001     (.common:BMP5)
                  20000076    00000001     (.common:LogicData)

.stack     0    2000fe00    00000200     UNINITIALIZED
                  2000fe00    00000004     rtsv7M4_T_le_v4SPD16_eabi.lib : boot_cortex_m.c.obj (.stack)
                  2000fe04    000001fc     --HOLE--

__llvm_prf_cnts 
*          0    20000000    00000000     UNINITIALIZED

MODULE SUMMARY

       Module                        code   ro data   rw data
       ------                        ----   -------   -------
    .\
       Lab8_IRControlmain.obj        2572   0         108    
       TExaS.obj                     1736   0         34     
       PWM.obj                       1056   0         0      
       system_msp432p401r.obj        812    0         8      
       ADC14.obj                     748    0         0      
       BumpInt.obj                   524    0         20     
       Clock.obj                     480    0         48     
       Motor.obj                     408    0         0      
       TimerA1.obj                   352    0         16     
       LaunchPad.obj                 248    0         0      
       startup_msp432p401r_ccs.obj   14     228       0      
       IRDistance.obj                78     0         0      
       CortexM.obj                   36     0         0      
    +--+-----------------------------+------+---------+---------+
       Total:                        9064   228       234    
                                                             
    C:\ti\ccs1240\ccs\tools\compiler\ti-cgt-arm_20.2.7.LTS\lib\rtsv7M4_T_le_v4SPD16_eabi.lib
       memcpy_t2.asm.obj             156    0         0      
       copy_decompress_lzss.c.obj    104    0         0      
       autoinit.c.obj                68     0         0      
       boot_cortex_m.c.obj           52     0         0      
       copy_zero_init.c.obj          28     0         0      
       copy_decompress_none.c.obj    14     0         0      
       exit.c.obj                    4      0         0      
       pre_init.c.obj                4      0         0      
    +--+-----------------------------+------+---------+---------+
       Total:                        430    0         0      
                                                             
       Stack:                        0      0         1024   
       Linker Generated:             0      66        0      
    +--+-----------------------------+------+---------+---------+
       Grand Total:                  9494   294       1258   


LINKER GENERATED COPY TABLES

__TI_cinit_table @ 00002638 records: 2, size/record: 8, table size: 16
	.data: load addr=00002600, load size=0000001e bytes, run addr=20000000, run size=00000054 bytes, compression=lzss
	.bss: load addr=00002630, load size=00000008 bytes, run addr=20000054, run size=00000023 bytes, compression=zero_init


LINKER GENERATED HANDLER TABLE

__TI_handler_table @ 00002620 records: 3, size/record: 4, table size: 12
	index: 0, handler: __TI_decompress_lzss
	index: 1, handler: __TI_decompress_none
	index: 2, handler: __TI_zero_init


GLOBAL SYMBOLS: SORTED ALPHABETICALLY BY Name 

address   name                                   
-------   ----                                   
00001b13  ADC0_InitSWTriggerCh12                 
00001a61  ADC0_InitSWTriggerCh14                 
00001a67  ADC0_InitSWTriggerCh17_14_16           
00001b19  ADC0_InitSWTriggerCh19                 
00001a77  ADC0_InitSWTriggerCh21_22_23           
00001b89  ADC0_InitSWTriggerCh23                 
00001905  ADC0_InitSWTriggerCh6                  
000019d5  ADC0_InitSWTriggerCh67                 
000025f3  ADC14_IRQHandler                       
00001b15  ADC_In12                               
00001a63  ADC_In14                               
00001a69  ADC_In17_14_16                         
00001b69  ADC_In19                               
00001ad3  ADC_In21_22_23                         
00001b8b  ADC_In23                               
000019b5  ADC_In6                                
00001a2b  ADC_In67                               
00001975  ADC_In6_14_15                          
00000efd  ADC_Init                               
000025f3  AES256_IRQHandler                      
20000070  BMP0                                   
20000071  BMP1                                   
20000072  BMP2                                   
20000073  BMP3                                   
20000074  BMP4                                   
20000075  BMP5                                   
00001bf1  BumpInt_Init                           
00001c5d  Bump_Read                              
000025f3  BusFault_Handler                       
000025f9  C$$EXIT                                
000025f3  COMP_E0_IRQHandler                     
000025f3  COMP_E1_IRQHandler                     
20000028  CPMwait                                
000025f3  CS_IRQHandler                          
000024eb  CenterConvert                          
20000020  ClockFrequency                         
00001f51  Clock_Delay1ms                         
00001f27  Clock_Delay1us                         
00001f13  Clock_GetFreq                          
00001dfd  Clock_Init48MHz                        
20000034  Crystalstable                          
000025f3  DMA_ERR_IRQHandler                     
000025f3  DMA_INT0_IRQHandler                    
000025f3  DMA_INT1_IRQHandler                    
000025f3  DMA_INT2_IRQHandler                    
000025f3  DMA_INT3_IRQHandler                    
000025f3  DebugMon_Handler                       
000025f3  Default_Handler                        
00002599  DisableInterrupts                      
000025f3  EUSCIA0_IRQHandler                     
000025f3  EUSCIA1_IRQHandler                     
000025f3  EUSCIA2_IRQHandler                     
000025f3  EUSCIA3_IRQHandler                     
000025f3  EUSCIB0_IRQHandler                     
000025f3  EUSCIB1_IRQHandler                     
000025f3  EUSCIB2_IRQHandler                     
000025f3  EUSCIB3_IRQHandler                     
0000259f  EnableInterrupts                       
000025af  EndCritical                            
0000041d  ExecuteRoute                           
000025f3  FLCTL_IRQHandler                       
000025f3  FPU_IRQHandler                         
000003bb  FollowLeftWall                         
000003a7  FollowRightWall                        
000000e5  HandleCollision                        
000025f3  HardFault_Handler                      
20000030  IFlags                                 
000022d5  LaunchPad_Init                         
00002345  LaunchPad_Input                        
00002363  LaunchPad_LED                          
00002381  LaunchPad_Output                       
000024d1  LeftConvert                            
00000af1  LogicAnalyzer                          
00000afb  LogicAnalyzer_P1                       
00000bd1  LogicAnalyzer_P10                      
00000b09  LogicAnalyzer_P2                       
00000bdf  LogicAnalyzer_P27_P26_P82_P92_P104_P105
00000b17  LogicAnalyzer_P2_7654                  
00000b27  LogicAnalyzer_P3                       
00000b35  LogicAnalyzer_P4                       
00000b53  LogicAnalyzer_P4_765320                
00000b43  LogicAnalyzer_P4_765432                
00000b8b  LogicAnalyzer_P5                       
00000c17  LogicAnalyzer_P55_P54_P27_P26_P37_P36  
00000b99  LogicAnalyzer_P6                       
00000ba7  LogicAnalyzer_P7                       
00000bb5  LogicAnalyzer_P8                       
00000bc3  LogicAnalyzer_P9                       
20000076  LogicData                              
000025f3  MemManage_Handler                      
00002113  Motor_Backward                         
0000203f  Motor_Forward                          
00001fdd  Motor_Init                             
000020c9  Motor_Left                             
0000207f  Motor_Right                            
00002029  Motor_Stop                             
000025f3  NMI_Handler                            
20000018  O                                      
000025f3  PCM_IRQHandler                         
0000019d  PIDEdgeTriggeredInterrupt              
000025f3  PORT1_IRQHandler                       
000025f3  PORT2_IRQHandler                       
000025f3  PORT3_IRQHandler                       
00001cff  PORT4_IRQHandler                       
00001cff  PORT4_IRQHandler                       
000025f3  PORT5_IRQHandler                       
000025f3  PORT6_IRQHandler                       
000025f3  PSS_IRQHandler                         
000012a3  PWM_Duty1                              
000012c3  PWM_Duty2                              
00001367  PWM_Duty3                              
00001387  PWM_Duty4                              
000011b9  PWM_Init1                              
0000121f  PWM_Init12                             
000012e3  PWM_Init34                             
000014cf  PWM_RobotArmDuty0                      
000014f5  PWM_RobotArmDuty1                      
0000151b  PWM_RobotArmDuty2                      
000014ef  PWM_RobotArmGetDuty0                   
00001515  PWM_RobotArmGetDuty1                   
0000153b  PWM_RobotArmGetDuty2                   
000013a7  PWM_RobotArmInit                       
000025f3  PendSV_Handler                         
20000054  PeriodicTask2                          
00000cc5  PeriodicTask2_Init                     
00000d3f  PeriodicTask2_Stop                     
2000002c  Postwait                               
20000024  Prewait                                
000025f3  RTC_C_IRQHandler                       
000000f9  ResetTimerCounter                      
000003cf  ResetWallFollow                        
000025e7  Reset_Handler                          
00002505  RightConvert                           
000025f3  SVC_Handler                            
00000c41  Scope                                  
000025a5  StartCritical                          
000025f3  SysTick_Handler                        
20000050  SystemCoreClock                        
000015d9  SystemCoreClockUpdate                  
0000184d  SystemInit                             
00000d2f  T32_INT1_IRQHandler                    
00000d2f  T32_INT1_IRQHandler                    
000025f3  T32_INT2_IRQHandler                    
000025f3  T32_INTC_IRQHandler                    
000025f3  TA0_0_IRQHandler                       
000025f3  TA0_N_IRQHandler                       
000021e7  TA1_0_IRQHandler                       
000021e7  TA1_0_IRQHandler                       
000025f3  TA1_N_IRQHandler                       
00002283  TA2_0_IRQHandler                       
00002283  TA2_0_IRQHandler                       
000025f3  TA2_N_IRQHandler                       
000025f3  TA3_0_IRQHandler                       
000025f3  TA3_N_IRQHandler                       
00000e91  TExaS_Clear0                           
00000e9d  TExaS_Clear1                           
00000eb1  TExaS_Clear2                           
00000ebd  TExaS_Clear3                           
00000ec9  TExaS_Clear4                           
00000ecb  TExaS_Clear5                           
00000ed7  TExaS_Clear6                           
00000fc1  TExaS_Init                             
2000003c  TExaS_ScopeErrConflict                 
20000038  TExaS_ScopeErrLostData                 
20000040  TExaS_ScopeWrnReconfig                 
00000e1f  TExaS_Set                              
00000e37  TExaS_Set0                             
00000e43  TExaS_Set1                             
00000e4f  TExaS_Set2                             
00000e5b  TExaS_Set3                             
00000e67  TExaS_Set4                             
00000e69  TExaS_Set5                             
00000e81  TExaS_Set6                             
0000114d  TExaS_Stop                             
00000dd5  TExaS_Task0                            
00000de1  TExaS_Task1                            
00000ded  TExaS_Task2                            
00000df9  TExaS_Task3                            
00000e05  TExaS_Task4                            
00000e07  TExaS_Task5                            
00000e13  TExaS_Task6                            
00002175  TimerA1_Init                           
000021c9  TimerA1_Stop                           
000021fb  TimerA2_Init                           
0000224f  TimerA2_Stop                           
00000169  Turn180                                
00000101  TurnLeft                               
00000135  TurnRight                              
20000014  U                                      
00000da9  UART_InChar                            
00000d4f  UART_Init                              
00000db9  UART_OutChar                           
000025f3  UsageFault_Handler                     
4000480c  WDTCTL_SYM                             
000025f3  WDT_A_IRQHandler                       
000025b7  WaitForInterrupt                       
20010000  __STACK_END                            
00000200  __STACK_SIZE                           
00002638  __TI_CINIT_Base                        
00002648  __TI_CINIT_Limit                       
00002620  __TI_Handler_Table_Base                
0000262c  __TI_Handler_Table_Limit               
00002521  __TI_auto_init_nobinit_nopinit         
00002469  __TI_decompress_lzss                   
000025d9  __TI_decompress_none                   
ffffffff  __TI_pprof_out_hndl                    
ffffffff  __TI_prof_data_size                    
ffffffff  __TI_prof_data_start                   
00000000  __TI_static_base__                     
000025bd  __TI_zero_init_nomemset                
000023cd  __aeabi_memcpy                         
000023cd  __aeabi_memcpy4                        
000023cd  __aeabi_memcpy8                        
ffffffff  __binit__                              
ffffffff  __c_args__                             
UNDEFED   __mpu_init                             
2000fe00  __stack                                
20000000  __start___llvm_prf_cnts                
20000000  __stop___llvm_prf_cnts                 
00002565  _c_int00_noargs                        
UNDEFED   _system_post_cinit                     
000025f5  _system_pre_init                       
000025f9  abort                                  
ffffffff  binit                                  
2000000a  collisionFlag                          
00001f19  delay                                  
20000058  distC                                  
2000005c  distL                                  
20000060  distR                                  
2000000c  errorL                                 
20000010  errorR                                 
00000000  interruptVectors                       
2000001c  leftPIDEnabled                         
00000a4d  main                                   
000023cd  memcpy                                 
20000002  mode                                   
20000008  nextState                              
20000009  pedestrianDetected                     
2000000b  pedestrianFlag                         
20000064  readC                                  
20000068  readL                                  
2000006c  readR                                  
2000001d  rightPIDEnabled                        
20000000  setpoint                               
20000004  timerCounter                           


GLOBAL SYMBOLS: SORTED BY Symbol Address 

address   name                                   
-------   ----                                   
00000000  __TI_static_base__                     
00000000  interruptVectors                       
000000e5  HandleCollision                        
000000f9  ResetTimerCounter                      
00000101  TurnLeft                               
00000135  TurnRight                              
00000169  Turn180                                
0000019d  PIDEdgeTriggeredInterrupt              
00000200  __STACK_SIZE                           
000003a7  FollowRightWall                        
000003bb  FollowLeftWall                         
000003cf  ResetWallFollow                        
0000041d  ExecuteRoute                           
00000a4d  main                                   
00000af1  LogicAnalyzer                          
00000afb  LogicAnalyzer_P1                       
00000b09  LogicAnalyzer_P2                       
00000b17  LogicAnalyzer_P2_7654                  
00000b27  LogicAnalyzer_P3                       
00000b35  LogicAnalyzer_P4                       
00000b43  LogicAnalyzer_P4_765432                
00000b53  LogicAnalyzer_P4_765320                
00000b8b  LogicAnalyzer_P5                       
00000b99  LogicAnalyzer_P6                       
00000ba7  LogicAnalyzer_P7                       
00000bb5  LogicAnalyzer_P8                       
00000bc3  LogicAnalyzer_P9                       
00000bd1  LogicAnalyzer_P10                      
00000bdf  LogicAnalyzer_P27_P26_P82_P92_P104_P105
00000c17  LogicAnalyzer_P55_P54_P27_P26_P37_P36  
00000c41  Scope                                  
00000cc5  PeriodicTask2_Init                     
00000d2f  T32_INT1_IRQHandler                    
00000d2f  T32_INT1_IRQHandler                    
00000d3f  PeriodicTask2_Stop                     
00000d4f  UART_Init                              
00000da9  UART_InChar                            
00000db9  UART_OutChar                           
00000dd5  TExaS_Task0                            
00000de1  TExaS_Task1                            
00000ded  TExaS_Task2                            
00000df9  TExaS_Task3                            
00000e05  TExaS_Task4                            
00000e07  TExaS_Task5                            
00000e13  TExaS_Task6                            
00000e1f  TExaS_Set                              
00000e37  TExaS_Set0                             
00000e43  TExaS_Set1                             
00000e4f  TExaS_Set2                             
00000e5b  TExaS_Set3                             
00000e67  TExaS_Set4                             
00000e69  TExaS_Set5                             
00000e81  TExaS_Set6                             
00000e91  TExaS_Clear0                           
00000e9d  TExaS_Clear1                           
00000eb1  TExaS_Clear2                           
00000ebd  TExaS_Clear3                           
00000ec9  TExaS_Clear4                           
00000ecb  TExaS_Clear5                           
00000ed7  TExaS_Clear6                           
00000efd  ADC_Init                               
00000fc1  TExaS_Init                             
0000114d  TExaS_Stop                             
000011b9  PWM_Init1                              
0000121f  PWM_Init12                             
000012a3  PWM_Duty1                              
000012c3  PWM_Duty2                              
000012e3  PWM_Init34                             
00001367  PWM_Duty3                              
00001387  PWM_Duty4                              
000013a7  PWM_RobotArmInit                       
000014cf  PWM_RobotArmDuty0                      
000014ef  PWM_RobotArmGetDuty0                   
000014f5  PWM_RobotArmDuty1                      
00001515  PWM_RobotArmGetDuty1                   
0000151b  PWM_RobotArmDuty2                      
0000153b  PWM_RobotArmGetDuty2                   
000015d9  SystemCoreClockUpdate                  
0000184d  SystemInit                             
00001905  ADC0_InitSWTriggerCh6                  
00001975  ADC_In6_14_15                          
000019b5  ADC_In6                                
000019d5  ADC0_InitSWTriggerCh67                 
00001a2b  ADC_In67                               
00001a61  ADC0_InitSWTriggerCh14                 
00001a63  ADC_In14                               
00001a67  ADC0_InitSWTriggerCh17_14_16           
00001a69  ADC_In17_14_16                         
00001a77  ADC0_InitSWTriggerCh21_22_23           
00001ad3  ADC_In21_22_23                         
00001b13  ADC0_InitSWTriggerCh12                 
00001b15  ADC_In12                               
00001b19  ADC0_InitSWTriggerCh19                 
00001b69  ADC_In19                               
00001b89  ADC0_InitSWTriggerCh23                 
00001b8b  ADC_In23                               
00001bf1  BumpInt_Init                           
00001c5d  Bump_Read                              
00001cff  PORT4_IRQHandler                       
00001cff  PORT4_IRQHandler                       
00001dfd  Clock_Init48MHz                        
00001f13  Clock_GetFreq                          
00001f19  delay                                  
00001f27  Clock_Delay1us                         
00001f51  Clock_Delay1ms                         
00001fdd  Motor_Init                             
00002029  Motor_Stop                             
0000203f  Motor_Forward                          
0000207f  Motor_Right                            
000020c9  Motor_Left                             
00002113  Motor_Backward                         
00002175  TimerA1_Init                           
000021c9  TimerA1_Stop                           
000021e7  TA1_0_IRQHandler                       
000021e7  TA1_0_IRQHandler                       
000021fb  TimerA2_Init                           
0000224f  TimerA2_Stop                           
00002283  TA2_0_IRQHandler                       
00002283  TA2_0_IRQHandler                       
000022d5  LaunchPad_Init                         
00002345  LaunchPad_Input                        
00002363  LaunchPad_LED                          
00002381  LaunchPad_Output                       
000023cd  __aeabi_memcpy                         
000023cd  __aeabi_memcpy4                        
000023cd  __aeabi_memcpy8                        
000023cd  memcpy                                 
00002469  __TI_decompress_lzss                   
000024d1  LeftConvert                            
000024eb  CenterConvert                          
00002505  RightConvert                           
00002521  __TI_auto_init_nobinit_nopinit         
00002565  _c_int00_noargs                        
00002599  DisableInterrupts                      
0000259f  EnableInterrupts                       
000025a5  StartCritical                          
000025af  EndCritical                            
000025b7  WaitForInterrupt                       
000025bd  __TI_zero_init_nomemset                
000025d9  __TI_decompress_none                   
000025e7  Reset_Handler                          
000025f3  ADC14_IRQHandler                       
000025f3  AES256_IRQHandler                      
000025f3  BusFault_Handler                       
000025f3  COMP_E0_IRQHandler                     
000025f3  COMP_E1_IRQHandler                     
000025f3  CS_IRQHandler                          
000025f3  DMA_ERR_IRQHandler                     
000025f3  DMA_INT0_IRQHandler                    
000025f3  DMA_INT1_IRQHandler                    
000025f3  DMA_INT2_IRQHandler                    
000025f3  DMA_INT3_IRQHandler                    
000025f3  DebugMon_Handler                       
000025f3  Default_Handler                        
000025f3  EUSCIA0_IRQHandler                     
000025f3  EUSCIA1_IRQHandler                     
000025f3  EUSCIA2_IRQHandler                     
000025f3  EUSCIA3_IRQHandler                     
000025f3  EUSCIB0_IRQHandler                     
000025f3  EUSCIB1_IRQHandler                     
000025f3  EUSCIB2_IRQHandler                     
000025f3  EUSCIB3_IRQHandler                     
000025f3  FLCTL_IRQHandler                       
000025f3  FPU_IRQHandler                         
000025f3  HardFault_Handler                      
000025f3  MemManage_Handler                      
000025f3  NMI_Handler                            
000025f3  PCM_IRQHandler                         
000025f3  PORT1_IRQHandler                       
000025f3  PORT2_IRQHandler                       
000025f3  PORT3_IRQHandler                       
000025f3  PORT5_IRQHandler                       
000025f3  PORT6_IRQHandler                       
000025f3  PSS_IRQHandler                         
000025f3  PendSV_Handler                         
000025f3  RTC_C_IRQHandler                       
000025f3  SVC_Handler                            
000025f3  SysTick_Handler                        
000025f3  T32_INT2_IRQHandler                    
000025f3  T32_INTC_IRQHandler                    
000025f3  TA0_0_IRQHandler                       
000025f3  TA0_N_IRQHandler                       
000025f3  TA1_N_IRQHandler                       
000025f3  TA2_N_IRQHandler                       
000025f3  TA3_0_IRQHandler                       
000025f3  TA3_N_IRQHandler                       
000025f3  UsageFault_Handler                     
000025f3  WDT_A_IRQHandler                       
000025f5  _system_pre_init                       
000025f9  C$$EXIT                                
000025f9  abort                                  
00002620  __TI_Handler_Table_Base                
0000262c  __TI_Handler_Table_Limit               
00002638  __TI_CINIT_Base                        
00002648  __TI_CINIT_Limit                       
20000000  __start___llvm_prf_cnts                
20000000  __stop___llvm_prf_cnts                 
20000000  setpoint                               
20000002  mode                                   
20000004  timerCounter                           
20000008  nextState                              
20000009  pedestrianDetected                     
2000000a  collisionFlag                          
2000000b  pedestrianFlag                         
2000000c  errorL                                 
20000010  errorR                                 
20000014  U                                      
20000018  O                                      
2000001c  leftPIDEnabled                         
2000001d  rightPIDEnabled                        
20000020  ClockFrequency                         
20000024  Prewait                                
20000028  CPMwait                                
2000002c  Postwait                               
20000030  IFlags                                 
20000034  Crystalstable                          
20000038  TExaS_ScopeErrLostData                 
2000003c  TExaS_ScopeErrConflict                 
20000040  TExaS_ScopeWrnReconfig                 
20000050  SystemCoreClock                        
20000054  PeriodicTask2                          
20000058  distC                                  
2000005c  distL                                  
20000060  distR                                  
20000064  readC                                  
20000068  readL                                  
2000006c  readR                                  
20000070  BMP0                                   
20000071  BMP1                                   
20000072  BMP2                                   
20000073  BMP3                                   
20000074  BMP4                                   
20000075  BMP5                                   
20000076  LogicData                              
2000fe00  __stack                                
20010000  __STACK_END                            
4000480c  WDTCTL_SYM                             
ffffffff  __TI_pprof_out_hndl                    
ffffffff  __TI_prof_data_size                    
ffffffff  __TI_prof_data_start                   
ffffffff  __binit__                              
ffffffff  __c_args__                             
ffffffff  binit                                  
UNDEFED   __mpu_init                             
UNDEFED   _system_post_cinit                     

[245 symbols]
