******************************************************************************
                  TI ARM Linker PC v20.2.7                     
******************************************************************************
>> Linked Thu Oct 16 08:54:36 2025

OUTPUT FILE NAME:   <Lab5Simple.out>
ENTRY POINT SYMBOL: "_c_int00_noargs"  address: 00000961


MEMORY CONFIGURATION

         name            origin    length      used     unused   attr    fill
----------------------  --------  ---------  --------  --------  ----  --------
  MAIN                  00000000   00040000  000009d8  0003f628  R  X
  INFO                  00200000   00004000  00000000  00004000  R  X
  SRAM_CODE             01000000   00010000  0000021c  0000fde4  RW X
  SRAM_DATA             20000000   00010000  0000021c  0000fde4  RW  


SEGMENT ALLOCATION MAP

run origin  load origin   length   init length attrs members
----------  ----------- ---------- ----------- ----- -------
00000000    00000000    000009d8   000009d8    r-x
  00000000    00000000    000000e4   000000e4    r-- .intvecs
  000000e4    000000e4    000008d4   000008d4    r-x .text
  000009b8    000009b8    00000020   00000020    r-- .cinit
20000000    20000000    0000001c   00000000    rw-
  20000000    20000000    0000001c   00000000    rw- .data
2000fe00    2000fe00    00000200   00000000    rw-
  2000fe00    2000fe00    00000200   00000000    rw- .stack


SECTION ALLOCATION MAP

 output                                  attributes/
section   page    origin      length       input sections
--------  ----  ----------  ----------   ----------------
.intvecs   0    00000000    000000e4     
                  00000000    000000e4     startup_msp432p401r_ccs.obj (.intvecs:retain)

.text      0    000000e4    000008d4     
                  000000e4    00000334     system_msp432p401r.obj (.text)
                  00000418    000001e0     Clock.obj (.text)
                  000005f8    000001b4     main.obj (.text)
                  000007ac    0000009c     rtsv7M4_T_le_v4SPD16_eabi.lib : memcpy_t2.asm.obj (.text)
                  00000848    0000006c     SysTick.obj (.text)
                  000008b4    00000068     rtsv7M4_T_le_v4SPD16_eabi.lib : copy_decompress_lzss.c.obj (.text:decompress:lzss:__TI_decompress_lzss)
                  0000091c    00000044                                   : autoinit.c.obj (.text:__TI_auto_init_nobinit_nopinit:__TI_auto_init_nobinit_nopinit)
                  00000960    00000034                                   : boot_cortex_m.c.obj (.text:_c_int00_noargs:_c_int00_noargs)
                  00000994    0000000e                                   : copy_decompress_none.c.obj (.text:decompress:none:__TI_decompress_none)
                  000009a2    0000000e     startup_msp432p401r_ccs.obj (.text)
                  000009b0    00000004     rtsv7M4_T_le_v4SPD16_eabi.lib : pre_init.c.obj (.text:_system_pre_init)
                  000009b4    00000004                                   : exit.c.obj (.text:abort:abort)

.cinit     0    000009b8    00000020     
                  000009b8    0000000d     (.cinit..data.load) [load image, compression = lzss]
                  000009c5    00000003     --HOLE-- [fill = 0]
                  000009c8    00000008     (__TI_handler_table)
                  000009d0    00000008     (__TI_cinit_table)

.init_array 
*          0    00000000    00000000     UNINITIALIZED

.binit     0    00000000    00000000     

.data      0    20000000    0000001c     UNINITIALIZED
                  20000000    00000018     Clock.obj (.data)
                  20000018    00000004     system_msp432p401r.obj (.data)

.stack     0    2000fe00    00000200     UNINITIALIZED
                  2000fe00    00000004     rtsv7M4_T_le_v4SPD16_eabi.lib : boot_cortex_m.c.obj (.stack)
                  2000fe04    000001fc     --HOLE--

__llvm_prf_cnts 
*          0    20000000    00000000     UNINITIALIZED

MODULE SUMMARY

       Module                        code   ro data   rw data
       ------                        ----   -------   -------
    .\
       system_msp432p401r.obj        820    0         8      
       Clock.obj                     480    0         48     
       main.obj                      436    0         0      
       startup_msp432p401r_ccs.obj   14     228       0      
       SysTick.obj                   108    0         0      
    +--+-----------------------------+------+---------+---------+
       Total:                        1858   228       56     
                                                             
    C:\ti\ccs1240\ccs\tools\compiler\ti-cgt-arm_20.2.7.LTS\lib\rtsv7M4_T_le_v4SPD16_eabi.lib
       memcpy_t2.asm.obj             156    0         0      
       copy_decompress_lzss.c.obj    104    0         0      
       autoinit.c.obj                68     0         0      
       boot_cortex_m.c.obj           52     0         0      
       copy_decompress_none.c.obj    14     0         0      
       exit.c.obj                    4      0         0      
       pre_init.c.obj                4      0         0      
    +--+-----------------------------+------+---------+---------+
       Total:                        402    0         0      
                                                             
       Stack:                        0      0         1024   
       Linker Generated:             0      29        0      
    +--+-----------------------------+------+---------+---------+
       Grand Total:                  2260   257       1080   


LINKER GENERATED COPY TABLES

__TI_cinit_table @ 000009d0 records: 1, size/record: 8, table size: 8
	.data: load addr=000009b8, load size=0000000d bytes, run addr=20000000, run size=0000001c bytes, compression=lzss


LINKER GENERATED HANDLER TABLE

__TI_handler_table @ 000009c8 records: 2, size/record: 4, table size: 8
	index: 0, handler: __TI_decompress_lzss
	index: 1, handler: __TI_decompress_none


GLOBAL SYMBOLS: SORTED ALPHABETICALLY BY Name 

address   name                          
-------   ----                          
000009af  ADC14_IRQHandler              
000009af  AES256_IRQHandler             
000009af  BusFault_Handler              
000009b5  C$$EXIT                       
000009af  COMP_E0_IRQHandler            
000009af  COMP_E1_IRQHandler            
20000008  CPMwait                       
000009af  CS_IRQHandler                 
20000000  ClockFrequency                
0000056d  Clock_Delay1ms                
00000543  Clock_Delay1us                
0000052f  Clock_GetFreq                 
00000419  Clock_Init48MHz               
20000014  Crystalstable                 
000009af  DMA_ERR_IRQHandler            
000009af  DMA_INT0_IRQHandler           
000009af  DMA_INT1_IRQHandler           
000009af  DMA_INT2_IRQHandler           
000009af  DMA_INT3_IRQHandler           
000009af  DebugMon_Handler              
000009af  Default_Handler               
000009af  EUSCIA0_IRQHandler            
000009af  EUSCIA1_IRQHandler            
000009af  EUSCIA2_IRQHandler            
000009af  EUSCIA3_IRQHandler            
000009af  EUSCIB0_IRQHandler            
000009af  EUSCIB1_IRQHandler            
000009af  EUSCIB2_IRQHandler            
000009af  EUSCIB3_IRQHandler            
000009af  FLCTL_IRQHandler              
000009af  FPU_IRQHandler                
000009af  HardFault_Handler             
20000010  IFlags                        
000009af  MemManage_Handler             
0000067b  Motor_ForwardSimple           
000005f9  Motor_Init                    
000006d7  Motor_LeftSimple              
000006a9  Motor_ReverseSimple           
0000070f  Motor_RightSimple             
0000065b  Motor_Stop                    
000009af  NMI_Handler                   
000009af  PCM_IRQHandler                
000009af  PORT1_IRQHandler              
000009af  PORT2_IRQHandler              
000009af  PORT3_IRQHandler              
000009af  PORT4_IRQHandler              
000009af  PORT5_IRQHandler              
000009af  PORT6_IRQHandler              
000009af  PSS_IRQHandler                
000009af  PendSV_Handler                
2000000c  Postwait                      
20000004  Prewait                       
000009af  RTC_C_IRQHandler              
000009a3  Reset_Handler                 
000009af  SVC_Handler                   
000009af  SysTick_Handler               
00000849  SysTick_Init                  
00000859  SysTick_Wait                  
0000087f  SysTick_Wait10ms              
20000018  SystemCoreClock               
000000e5  SystemCoreClockUpdate         
0000035d  SystemInit                    
000009af  T32_INT1_IRQHandler           
000009af  T32_INT2_IRQHandler           
000009af  T32_INTC_IRQHandler           
000009af  TA0_0_IRQHandler              
000009af  TA0_N_IRQHandler              
000009af  TA1_0_IRQHandler              
000009af  TA1_N_IRQHandler              
000009af  TA2_0_IRQHandler              
000009af  TA2_N_IRQHandler              
000009af  TA3_0_IRQHandler              
000009af  TA3_N_IRQHandler              
000009af  UsageFault_Handler            
4000480c  WDTCTL_SYM                    
000009af  WDT_A_IRQHandler              
20010000  __STACK_END                   
00000200  __STACK_SIZE                  
000009d0  __TI_CINIT_Base               
000009d8  __TI_CINIT_Limit              
000009c8  __TI_Handler_Table_Base       
000009d0  __TI_Handler_Table_Limit      
0000091d  __TI_auto_init_nobinit_nopinit
000008b5  __TI_decompress_lzss          
00000995  __TI_decompress_none          
ffffffff  __TI_pprof_out_hndl           
ffffffff  __TI_prof_data_size           
ffffffff  __TI_prof_data_start          
00000000  __TI_static_base__            
000007ad  __aeabi_memcpy                
000007ad  __aeabi_memcpy4               
000007ad  __aeabi_memcpy8               
ffffffff  __binit__                     
ffffffff  __c_args__                    
UNDEFED   __mpu_init                    
2000fe00  __stack                       
20000000  __start___llvm_prf_cnts       
20000000  __stop___llvm_prf_cnts        
00000961  _c_int00_noargs               
UNDEFED   _system_post_cinit            
000009b1  _system_pre_init              
000009b5  abort                         
ffffffff  binit                         
00000535  delay                         
00000000  interruptVectors              
00000747  main                          
000007ad  memcpy                        


GLOBAL SYMBOLS: SORTED BY Symbol Address 

address   name                          
-------   ----                          
00000000  __TI_static_base__            
00000000  interruptVectors              
000000e5  SystemCoreClockUpdate         
00000200  __STACK_SIZE                  
0000035d  SystemInit                    
00000419  Clock_Init48MHz               
0000052f  Clock_GetFreq                 
00000535  delay                         
00000543  Clock_Delay1us                
0000056d  Clock_Delay1ms                
000005f9  Motor_Init                    
0000065b  Motor_Stop                    
0000067b  Motor_ForwardSimple           
000006a9  Motor_ReverseSimple           
000006d7  Motor_LeftSimple              
0000070f  Motor_RightSimple             
00000747  main                          
000007ad  __aeabi_memcpy                
000007ad  __aeabi_memcpy4               
000007ad  __aeabi_memcpy8               
000007ad  memcpy                        
00000849  SysTick_Init                  
00000859  SysTick_Wait                  
0000087f  SysTick_Wait10ms              
000008b5  __TI_decompress_lzss          
0000091d  __TI_auto_init_nobinit_nopinit
00000961  _c_int00_noargs               
00000995  __TI_decompress_none          
000009a3  Reset_Handler                 
000009af  ADC14_IRQHandler              
000009af  AES256_IRQHandler             
000009af  BusFault_Handler              
000009af  COMP_E0_IRQHandler            
000009af  COMP_E1_IRQHandler            
000009af  CS_IRQHandler                 
000009af  DMA_ERR_IRQHandler            
000009af  DMA_INT0_IRQHandler           
000009af  DMA_INT1_IRQHandler           
000009af  DMA_INT2_IRQHandler           
000009af  DMA_INT3_IRQHandler           
000009af  DebugMon_Handler              
000009af  Default_Handler               
000009af  EUSCIA0_IRQHandler            
000009af  EUSCIA1_IRQHandler            
000009af  EUSCIA2_IRQHandler            
000009af  EUSCIA3_IRQHandler            
000009af  EUSCIB0_IRQHandler            
000009af  EUSCIB1_IRQHandler            
000009af  EUSCIB2_IRQHandler            
000009af  EUSCIB3_IRQHandler            
000009af  FLCTL_IRQHandler              
000009af  FPU_IRQHandler                
000009af  HardFault_Handler             
000009af  MemManage_Handler             
000009af  NMI_Handler                   
000009af  PCM_IRQHandler                
000009af  PORT1_IRQHandler              
000009af  PORT2_IRQHandler              
000009af  PORT3_IRQHandler              
000009af  PORT4_IRQHandler              
000009af  PORT5_IRQHandler              
000009af  PORT6_IRQHandler              
000009af  PSS_IRQHandler                
000009af  PendSV_Handler                
000009af  RTC_C_IRQHandler              
000009af  SVC_Handler                   
000009af  SysTick_Handler               
000009af  T32_INT1_IRQHandler           
000009af  T32_INT2_IRQHandler           
000009af  T32_INTC_IRQHandler           
000009af  TA0_0_IRQHandler              
000009af  TA0_N_IRQHandler              
000009af  TA1_0_IRQHandler              
000009af  TA1_N_IRQHandler              
000009af  TA2_0_IRQHandler              
000009af  TA2_N_IRQHandler              
000009af  TA3_0_IRQHandler              
000009af  TA3_N_IRQHandler              
000009af  UsageFault_Handler            
000009af  WDT_A_IRQHandler              
000009b1  _system_pre_init              
000009b5  C$$EXIT                       
000009b5  abort                         
000009c8  __TI_Handler_Table_Base       
000009d0  __TI_CINIT_Base               
000009d0  __TI_Handler_Table_Limit      
000009d8  __TI_CINIT_Limit              
20000000  ClockFrequency                
20000000  __start___llvm_prf_cnts       
20000000  __stop___llvm_prf_cnts        
20000004  Prewait                       
20000008  CPMwait                       
2000000c  Postwait                      
20000010  IFlags                        
20000014  Crystalstable                 
20000018  SystemCoreClock               
2000fe00  __stack                       
20010000  __STACK_END                   
4000480c  WDTCTL_SYM                    
ffffffff  __TI_pprof_out_hndl           
ffffffff  __TI_prof_data_size           
ffffffff  __TI_prof_data_start          
ffffffff  __binit__                     
ffffffff  __c_args__                    
ffffffff  binit                         
UNDEFED   __mpu_init                    
UNDEFED   _system_post_cinit            

[107 symbols]
