******************************************************************************
                  TI ARM Linker PC v20.2.7                     
******************************************************************************
>> Linked Thu Oct 23 08:59:06 2025

OUTPUT FILE NAME:   <Lab13_Timers.out>
ENTRY POINT SYMBOL: "_c_int00_noargs"  address: 0000158d


MEMORY CONFIGURATION

         name            origin    length      used     unused   attr    fill
----------------------  --------  ---------  --------  --------  ----  --------
  MAIN                  00000000   00040000  00001674  0003e98c  R  X
  INFO                  00200000   00004000  00000000  00004000  R  X
  SRAM_CODE             01000000   00010000  00000231  0000fdcf  RW X
  SRAM_DATA             20000000   00010000  00000231  0000fdcf  RW  


SEGMENT ALLOCATION MAP

run origin  load origin   length   init length attrs members
----------  ----------- ---------- ----------- ----- -------
00000000    00000000    00001678   00001678    r-x
  00000000    00000000    000000e4   000000e4    r-- .intvecs
  000000e4    000000e4    00001558   00001558    r-x .text
  00001640    00001640    00000038   00000038    r-- .cinit
20000000    20000000    00000031   00000000    rw-
  20000000    20000000    00000028   00000000    rw- .data
  20000028    20000028    00000009   00000000    rw- .bss
2000fe00    2000fe00    00000200   00000000    rw-
  2000fe00    2000fe00    00000200   00000000    rw- .stack


SECTION ALLOCATION MAP

 output                                  attributes/
section   page    origin      length       input sections
--------  ----  ----------  ----------   ----------------
.intvecs   0    00000000    000000e4     
                  00000000    000000e4     startup_msp432p401r_ccs.obj (.intvecs:retain)

.text      0    000000e4    00001558     
                  000000e4    000006c8     TExaS.obj (.text)
                  000007ac    00000420     PWM.obj (.text)
                  00000bcc    0000032c     system_msp432p401r.obj (.text)
                  00000ef8    000001e0     Clock.obj (.text)
                  000010d8    00000198     Motor.obj (.text)
                  00001270    000000f8     LaunchPad.obj (.text)
                  00001368    000000dc     Lab13_Timersmain.obj (.text)
                  00001444    0000009c     rtsv7M4_T_le_v4SPD16_eabi.lib : memcpy_t2.asm.obj (.text)
                  000014e0    00000068                                   : copy_decompress_lzss.c.obj (.text:decompress:lzss:__TI_decompress_lzss)
                  00001548    00000044                                   : autoinit.c.obj (.text:__TI_auto_init_nobinit_nopinit:__TI_auto_init_nobinit_nopinit)
                  0000158c    00000034                                   : boot_cortex_m.c.obj (.text:_c_int00_noargs:_c_int00_noargs)
                  000015c0    00000024     CortexM.obj (.text)
                  000015e4    0000001c     rtsv7M4_T_le_v4SPD16_eabi.lib : copy_zero_init.c.obj (.text:decompress:ZI:__TI_zero_init_nomemset:__TI_zero_init_nomemset)
                  00001600    00000012     TimerA1.obj (.text)
                  00001612    0000000e     rtsv7M4_T_le_v4SPD16_eabi.lib : copy_decompress_none.c.obj (.text:decompress:none:__TI_decompress_none)
                  00001620    0000000e     startup_msp432p401r_ccs.obj (.text)
                  0000162e    00000006     Bump.obj (.text)
                  00001634    00000004     rtsv7M4_T_le_v4SPD16_eabi.lib : pre_init.c.obj (.text:_system_pre_init)
                  00001638    00000004                                   : exit.c.obj (.text:abort:abort)

.cinit     0    00001640    00000038     
                  00001640    0000000d     (.cinit..data.load) [load image, compression = lzss]
                  0000164d    00000003     --HOLE-- [fill = 0]
                  00001650    0000000c     (__TI_handler_table)
                  0000165c    00000004     --HOLE-- [fill = 0]
                  00001660    00000008     (.cinit..bss.load) [load image, compression = zero_init]
                  00001668    00000010     (__TI_cinit_table)

.init_array 
*          0    00000000    00000000     UNINITIALIZED

.binit     0    00000000    00000000     

.data      0    20000000    00000028     UNINITIALIZED
                  20000000    00000018     Clock.obj (.data)
                  20000018    0000000c     TExaS.obj (.data)
                  20000024    00000004     system_msp432p401r.obj (.data)

.bss       0    20000028    00000009     UNINITIALIZED
                  20000028    00000004     (.common:PeriodicTask2)
                  2000002c    00000004     (.common:Time)
                  20000030    00000001     (.common:LogicData)

.stack     0    2000fe00    00000200     UNINITIALIZED
                  2000fe00    00000004     rtsv7M4_T_le_v4SPD16_eabi.lib : boot_cortex_m.c.obj (.stack)
                  2000fe04    000001fc     --HOLE--

__llvm_prf_cnts 
*          0    20000000    00000000     UNINITIALIZED

MODULE SUMMARY

       Module                        code   ro data   rw data
       ------                        ----   -------   -------
    .\
       TExaS.obj                     1736   0         34     
       PWM.obj                       1056   0         0      
       system_msp432p401r.obj        812    0         8      
       Clock.obj                     480    0         48     
       Motor.obj                     408    0         0      
       LaunchPad.obj                 248    0         0      
       startup_msp432p401r_ccs.obj   14     228       0      
       Lab13_Timersmain.obj          220    0         8      
       CortexM.obj                   36     0         0      
       TimerA1.obj                   18     0         0      
       Bump.obj                      6      0         0      
    +--+-----------------------------+------+---------+---------+
       Total:                        5034   228       98     
                                                             
    C:\ti\ccs1240\ccs\tools\compiler\ti-cgt-arm_20.2.7.LTS\lib\rtsv7M4_T_le_v4SPD16_eabi.lib
       memcpy_t2.asm.obj             156    0         0      
       copy_decompress_lzss.c.obj    104    0         0      
       autoinit.c.obj                68     0         0      
       boot_cortex_m.c.obj           52     0         0      
       copy_zero_init.c.obj          28     0         0      
       copy_decompress_none.c.obj    14     0         0      
       exit.c.obj                    4      0         0      
       pre_init.c.obj                4      0         0      
    +--+-----------------------------+------+---------+---------+
       Total:                        430    0         0      
                                                             
       Stack:                        0      0         1024   
       Linker Generated:             0      49        0      
    +--+-----------------------------+------+---------+---------+
       Grand Total:                  5464   277       1122   


LINKER GENERATED COPY TABLES

__TI_cinit_table @ 00001668 records: 2, size/record: 8, table size: 16
	.data: load addr=00001640, load size=0000000d bytes, run addr=20000000, run size=00000028 bytes, compression=lzss
	.bss: load addr=00001660, load size=00000008 bytes, run addr=20000028, run size=00000009 bytes, compression=zero_init


LINKER GENERATED HANDLER TABLE

__TI_handler_table @ 00001650 records: 3, size/record: 4, table size: 12
	index: 0, handler: __TI_decompress_lzss
	index: 1, handler: __TI_decompress_none
	index: 2, handler: __TI_zero_init


GLOBAL SYMBOLS: SORTED ALPHABETICALLY BY Name 

address   name                                   
-------   ----                                   
0000162d  ADC14_IRQHandler                       
000004f1  ADC_Init                               
0000162d  AES256_IRQHandler                      
0000162f  Bump_Init                              
00001631  Bump_Read                              
0000162d  BusFault_Handler                       
00001639  C$$EXIT                                
0000162d  COMP_E0_IRQHandler                     
0000162d  COMP_E1_IRQHandler                     
20000008  CPMwait                                
0000162d  CS_IRQHandler                          
20000000  ClockFrequency                         
0000104d  Clock_Delay1ms                         
00001023  Clock_Delay1us                         
0000100f  Clock_GetFreq                          
00000ef9  Clock_Init48MHz                        
20000014  Crystalstable                          
0000162d  DMA_ERR_IRQHandler                     
0000162d  DMA_INT0_IRQHandler                    
0000162d  DMA_INT1_IRQHandler                    
0000162d  DMA_INT2_IRQHandler                    
0000162d  DMA_INT3_IRQHandler                    
0000162d  DebugMon_Handler                       
0000162d  Default_Handler                        
000015c1  DisableInterrupts                      
0000162d  EUSCIA0_IRQHandler                     
0000162d  EUSCIA1_IRQHandler                     
0000162d  EUSCIA2_IRQHandler                     
0000162d  EUSCIA3_IRQHandler                     
0000162d  EUSCIB0_IRQHandler                     
0000162d  EUSCIB1_IRQHandler                     
0000162d  EUSCIB2_IRQHandler                     
0000162d  EUSCIB3_IRQHandler                     
000015c7  EnableInterrupts                       
000015d7  EndCritical                            
0000162d  FLCTL_IRQHandler                       
0000162d  FPU_IRQHandler                         
0000162d  HardFault_Handler                      
20000010  IFlags                                 
00001271  LaunchPad_Init                         
000012e1  LaunchPad_Input                        
000012ff  LaunchPad_LED                          
0000131d  LaunchPad_Output                       
000000e5  LogicAnalyzer                          
000000ef  LogicAnalyzer_P1                       
000001c5  LogicAnalyzer_P10                      
000000fd  LogicAnalyzer_P2                       
000001d3  LogicAnalyzer_P27_P26_P82_P92_P104_P105
0000010b  LogicAnalyzer_P2_7654                  
0000011b  LogicAnalyzer_P3                       
00000129  LogicAnalyzer_P4                       
00000147  LogicAnalyzer_P4_765320                
00000137  LogicAnalyzer_P4_765432                
0000017f  LogicAnalyzer_P5                       
0000020b  LogicAnalyzer_P55_P54_P27_P26_P37_P36  
0000018d  LogicAnalyzer_P6                       
0000019b  LogicAnalyzer_P7                       
000001a9  LogicAnalyzer_P8                       
000001b7  LogicAnalyzer_P9                       
20000030  LogicData                              
0000162d  MemManage_Handler                      
0000120f  Motor_Backward                         
0000113b  Motor_Forward                          
000010d9  Motor_Init                             
000011c5  Motor_Left                             
0000117b  Motor_Right                            
00001125  Motor_Stop                             
0000162d  NMI_Handler                            
0000162d  PCM_IRQHandler                         
0000162d  PORT1_IRQHandler                       
0000162d  PORT2_IRQHandler                       
0000162d  PORT3_IRQHandler                       
0000162d  PORT4_IRQHandler                       
0000162d  PORT5_IRQHandler                       
0000162d  PORT6_IRQHandler                       
0000162d  PSS_IRQHandler                         
00000897  PWM_Duty1                              
000008b7  PWM_Duty2                              
0000095b  PWM_Duty3                              
0000097b  PWM_Duty4                              
000007ad  PWM_Init1                              
00000813  PWM_Init12                             
000008d7  PWM_Init34                             
00000ac3  PWM_RobotArmDuty0                      
00000ae9  PWM_RobotArmDuty1                      
00000b0f  PWM_RobotArmDuty2                      
00000ae3  PWM_RobotArmGetDuty0                   
00000b09  PWM_RobotArmGetDuty1                   
00000b2f  PWM_RobotArmGetDuty2                   
0000099b  PWM_RobotArmInit                       
0000162d  PendSV_Handler                         
20000028  PeriodicTask2                          
000002b9  PeriodicTask2_Init                     
00000333  PeriodicTask2_Stop                     
2000000c  Postwait                               
20000004  Prewait                                
0000140f  Program13_2                            
00001433  Program13_X                            
0000162d  RTC_C_IRQHandler                       
00001621  Reset_Handler                          
0000162d  SVC_Handler                            
00000235  Scope                                  
000015cd  StartCritical                          
0000162d  SysTick_Handler                        
20000024  SystemCoreClock                        
00000bcd  SystemCoreClockUpdate                  
00000e41  SystemInit                             
00000323  T32_INT1_IRQHandler                    
00000323  T32_INT1_IRQHandler                    
0000162d  T32_INT2_IRQHandler                    
0000162d  T32_INTC_IRQHandler                    
0000162d  TA0_0_IRQHandler                       
0000162d  TA0_N_IRQHandler                       
00001611  TA1_0_IRQHandler                       
00001611  TA1_0_IRQHandler                       
0000162d  TA1_N_IRQHandler                       
0000162d  TA2_0_IRQHandler                       
0000162d  TA2_N_IRQHandler                       
0000162d  TA3_0_IRQHandler                       
0000162d  TA3_N_IRQHandler                       
00000485  TExaS_Clear0                           
00000491  TExaS_Clear1                           
000004a5  TExaS_Clear2                           
000004b1  TExaS_Clear3                           
000004bd  TExaS_Clear4                           
000004bf  TExaS_Clear5                           
000004cb  TExaS_Clear6                           
000005b5  TExaS_Init                             
2000001c  TExaS_ScopeErrConflict                 
20000018  TExaS_ScopeErrLostData                 
20000020  TExaS_ScopeWrnReconfig                 
00000413  TExaS_Set                              
0000042b  TExaS_Set0                             
00000437  TExaS_Set1                             
00000443  TExaS_Set2                             
0000044f  TExaS_Set3                             
0000045b  TExaS_Set4                             
0000045d  TExaS_Set5                             
00000475  TExaS_Set6                             
00000741  TExaS_Stop                             
000003c9  TExaS_Task0                            
000003d5  TExaS_Task1                            
000003e1  TExaS_Task2                            
000003ed  TExaS_Task3                            
000003f9  TExaS_Task4                            
000003fb  TExaS_Task5                            
00000407  TExaS_Task6                            
000013e5  Task                                   
2000002c  Time                                   
00001369  TimedPause                             
00001601  TimerA1_Init                           
0000160f  TimerA1_Stop                           
0000039d  UART_InChar                            
00000343  UART_Init                              
000003ad  UART_OutChar                           
0000162d  UsageFault_Handler                     
4000480c  WDTCTL_SYM                             
0000162d  WDT_A_IRQHandler                       
000015df  WaitForInterrupt                       
20010000  __STACK_END                            
00000200  __STACK_SIZE                           
00001668  __TI_CINIT_Base                        
00001678  __TI_CINIT_Limit                       
00001650  __TI_Handler_Table_Base                
0000165c  __TI_Handler_Table_Limit               
00001549  __TI_auto_init_nobinit_nopinit         
000014e1  __TI_decompress_lzss                   
00001613  __TI_decompress_none                   
ffffffff  __TI_pprof_out_hndl                    
ffffffff  __TI_prof_data_size                    
ffffffff  __TI_prof_data_start                   
00000000  __TI_static_base__                     
000015e5  __TI_zero_init_nomemset                
00001445  __aeabi_memcpy                         
00001445  __aeabi_memcpy4                        
00001445  __aeabi_memcpy8                        
ffffffff  __binit__                              
ffffffff  __c_args__                             
UNDEFED   __mpu_init                             
2000fe00  __stack                                
20000000  __start___llvm_prf_cnts                
20000000  __stop___llvm_prf_cnts                 
0000158d  _c_int00_noargs                        
UNDEFED   _system_post_cinit                     
00001635  _system_pre_init                       
00001639  abort                                  
ffffffff  binit                                  
00001015  delay                                  
00000000  interruptVectors                       
00001379  main                                   
00001445  memcpy                                 


GLOBAL SYMBOLS: SORTED BY Symbol Address 

address   name                                   
-------   ----                                   
00000000  __TI_static_base__                     
00000000  interruptVectors                       
000000e5  LogicAnalyzer                          
000000ef  LogicAnalyzer_P1                       
000000fd  LogicAnalyzer_P2                       
0000010b  LogicAnalyzer_P2_7654                  
0000011b  LogicAnalyzer_P3                       
00000129  LogicAnalyzer_P4                       
00000137  LogicAnalyzer_P4_765432                
00000147  LogicAnalyzer_P4_765320                
0000017f  LogicAnalyzer_P5                       
0000018d  LogicAnalyzer_P6                       
0000019b  LogicAnalyzer_P7                       
000001a9  LogicAnalyzer_P8                       
000001b7  LogicAnalyzer_P9                       
000001c5  LogicAnalyzer_P10                      
000001d3  LogicAnalyzer_P27_P26_P82_P92_P104_P105
00000200  __STACK_SIZE                           
0000020b  LogicAnalyzer_P55_P54_P27_P26_P37_P36  
00000235  Scope                                  
000002b9  PeriodicTask2_Init                     
00000323  T32_INT1_IRQHandler                    
00000323  T32_INT1_IRQHandler                    
00000333  PeriodicTask2_Stop                     
00000343  UART_Init                              
0000039d  UART_InChar                            
000003ad  UART_OutChar                           
000003c9  TExaS_Task0                            
000003d5  TExaS_Task1                            
000003e1  TExaS_Task2                            
000003ed  TExaS_Task3                            
000003f9  TExaS_Task4                            
000003fb  TExaS_Task5                            
00000407  TExaS_Task6                            
00000413  TExaS_Set                              
0000042b  TExaS_Set0                             
00000437  TExaS_Set1                             
00000443  TExaS_Set2                             
0000044f  TExaS_Set3                             
0000045b  TExaS_Set4                             
0000045d  TExaS_Set5                             
00000475  TExaS_Set6                             
00000485  TExaS_Clear0                           
00000491  TExaS_Clear1                           
000004a5  TExaS_Clear2                           
000004b1  TExaS_Clear3                           
000004bd  TExaS_Clear4                           
000004bf  TExaS_Clear5                           
000004cb  TExaS_Clear6                           
000004f1  ADC_Init                               
000005b5  TExaS_Init                             
00000741  TExaS_Stop                             
000007ad  PWM_Init1                              
00000813  PWM_Init12                             
00000897  PWM_Duty1                              
000008b7  PWM_Duty2                              
000008d7  PWM_Init34                             
0000095b  PWM_Duty3                              
0000097b  PWM_Duty4                              
0000099b  PWM_RobotArmInit                       
00000ac3  PWM_RobotArmDuty0                      
00000ae3  PWM_RobotArmGetDuty0                   
00000ae9  PWM_RobotArmDuty1                      
00000b09  PWM_RobotArmGetDuty1                   
00000b0f  PWM_RobotArmDuty2                      
00000b2f  PWM_RobotArmGetDuty2                   
00000bcd  SystemCoreClockUpdate                  
00000e41  SystemInit                             
00000ef9  Clock_Init48MHz                        
0000100f  Clock_GetFreq                          
00001015  delay                                  
00001023  Clock_Delay1us                         
0000104d  Clock_Delay1ms                         
000010d9  Motor_Init                             
00001125  Motor_Stop                             
0000113b  Motor_Forward                          
0000117b  Motor_Right                            
000011c5  Motor_Left                             
0000120f  Motor_Backward                         
00001271  LaunchPad_Init                         
000012e1  LaunchPad_Input                        
000012ff  LaunchPad_LED                          
0000131d  LaunchPad_Output                       
00001369  TimedPause                             
00001379  main                                   
000013e5  Task                                   
0000140f  Program13_2                            
00001433  Program13_X                            
00001445  __aeabi_memcpy                         
00001445  __aeabi_memcpy4                        
00001445  __aeabi_memcpy8                        
00001445  memcpy                                 
000014e1  __TI_decompress_lzss                   
00001549  __TI_auto_init_nobinit_nopinit         
0000158d  _c_int00_noargs                        
000015c1  DisableInterrupts                      
000015c7  EnableInterrupts                       
000015cd  StartCritical                          
000015d7  EndCritical                            
000015df  WaitForInterrupt                       
000015e5  __TI_zero_init_nomemset                
00001601  TimerA1_Init                           
0000160f  TimerA1_Stop                           
00001611  TA1_0_IRQHandler                       
00001611  TA1_0_IRQHandler                       
00001613  __TI_decompress_none                   
00001621  Reset_Handler                          
0000162d  ADC14_IRQHandler                       
0000162d  AES256_IRQHandler                      
0000162d  BusFault_Handler                       
0000162d  COMP_E0_IRQHandler                     
0000162d  COMP_E1_IRQHandler                     
0000162d  CS_IRQHandler                          
0000162d  DMA_ERR_IRQHandler                     
0000162d  DMA_INT0_IRQHandler                    
0000162d  DMA_INT1_IRQHandler                    
0000162d  DMA_INT2_IRQHandler                    
0000162d  DMA_INT3_IRQHandler                    
0000162d  DebugMon_Handler                       
0000162d  Default_Handler                        
0000162d  EUSCIA0_IRQHandler                     
0000162d  EUSCIA1_IRQHandler                     
0000162d  EUSCIA2_IRQHandler                     
0000162d  EUSCIA3_IRQHandler                     
0000162d  EUSCIB0_IRQHandler                     
0000162d  EUSCIB1_IRQHandler                     
0000162d  EUSCIB2_IRQHandler                     
0000162d  EUSCIB3_IRQHandler                     
0000162d  FLCTL_IRQHandler                       
0000162d  FPU_IRQHandler                         
0000162d  HardFault_Handler                      
0000162d  MemManage_Handler                      
0000162d  NMI_Handler                            
0000162d  PCM_IRQHandler                         
0000162d  PORT1_IRQHandler                       
0000162d  PORT2_IRQHandler                       
0000162d  PORT3_IRQHandler                       
0000162d  PORT4_IRQHandler                       
0000162d  PORT5_IRQHandler                       
0000162d  PORT6_IRQHandler                       
0000162d  PSS_IRQHandler                         
0000162d  PendSV_Handler                         
0000162d  RTC_C_IRQHandler                       
0000162d  SVC_Handler                            
0000162d  SysTick_Handler                        
0000162d  T32_INT2_IRQHandler                    
0000162d  T32_INTC_IRQHandler                    
0000162d  TA0_0_IRQHandler                       
0000162d  TA0_N_IRQHandler                       
0000162d  TA1_N_IRQHandler                       
0000162d  TA2_0_IRQHandler                       
0000162d  TA2_N_IRQHandler                       
0000162d  TA3_0_IRQHandler                       
0000162d  TA3_N_IRQHandler                       
0000162d  UsageFault_Handler                     
0000162d  WDT_A_IRQHandler                       
0000162f  Bump_Init                              
00001631  Bump_Read                              
00001635  _system_pre_init                       
00001639  C$$EXIT                                
00001639  abort                                  
00001650  __TI_Handler_Table_Base                
0000165c  __TI_Handler_Table_Limit               
00001668  __TI_CINIT_Base                        
00001678  __TI_CINIT_Limit                       
20000000  ClockFrequency                         
20000000  __start___llvm_prf_cnts                
20000000  __stop___llvm_prf_cnts                 
20000004  Prewait                                
20000008  CPMwait                                
2000000c  Postwait                               
20000010  IFlags                                 
20000014  Crystalstable                          
20000018  TExaS_ScopeErrLostData                 
2000001c  TExaS_ScopeErrConflict                 
20000020  TExaS_ScopeWrnReconfig                 
20000024  SystemCoreClock                        
20000028  PeriodicTask2                          
2000002c  Time                                   
20000030  LogicData                              
2000fe00  __stack                                
20010000  __STACK_END                            
4000480c  WDTCTL_SYM                             
ffffffff  __TI_pprof_out_hndl                    
ffffffff  __TI_prof_data_size                    
ffffffff  __TI_prof_data_start                   
ffffffff  __binit__                              
ffffffff  __c_args__                             
ffffffff  binit                                  
UNDEFED   __mpu_init                             
UNDEFED   _system_post_cinit                     

[191 symbols]
